C51 COMPILER V9.56.0.0   MAIN                                                              09/18/2017 15:05:25 PAGE 1   


C51 COMPILER V9.56.0.0, COMPILATION OF MODULE MAIN
OBJECT MODULE PLACED IN main.OBJ
COMPILER INVOKED BY: C:\Keil_v5\C51\BIN\C51.EXE main.c OPTIMIZE(8,SPEED) BROWSE DEBUG OBJECTEXTEND TABS(2)

line level    source

   1          #include "reg51.h"
   2          #define TIMS 3036
   3          sfr P6=0xE8;
   4          void timer_0() interrupt 1
   5          {
   6   1        P6=~P6;
   7   1      }
   8          main()
   9          {
  10   1        TL0=TIMS;
  11   1        TH0=TIMS>>8;
  12   1        TMOD=0x04;
  13   1        P6=0;
  14   1        TR0=1;
  15   1        ET0=1;
  16   1        EA=1;
  17   1        while(1);
  18   1      }


MODULE INFORMATION:   STATIC OVERLAYABLE
   CODE SIZE        =     24    ----
   CONSTANT SIZE    =   ----    ----
   XDATA SIZE       =   ----    ----
   PDATA SIZE       =   ----    ----
   DATA SIZE        =   ----    ----
   IDATA SIZE       =   ----    ----
   BIT SIZE         =   ----    ----
END OF MODULE INFORMATION.


C51 COMPILATION COMPLETE.  0 WARNING(S),  0 ERROR(S)
