BL51 BANKED LINKER/LOCATER V6.22                                                        08/08/2017  23:05:58  PAGE 1


BL51 BANKED LINKER/LOCATER V6.22, INVOKED BY:
C:\KEIL_V5\C51\BIN\BL51.EXE .\Objects\main.obj TO .\Objects\top PRINT (.\Listings\top.m51) RAMSIZE (256)


MEMORY MODEL: SMALL


INPUT MODULES INCLUDED:
  .\Objects\main.obj (MAIN)
  C:\KEIL_V5\C51\LIB\C51S.LIB (?C_STARTUP)
  C:\KEIL_V5\C51\LIB\C51S.LIB (?C?SLCMP)


LINK MAP OF MODULE:  .\Objects\top (MAIN)


            TYPE    BASE      LENGTH    RELOCATION   SEGMENT NAME
            -----------------------------------------------------

            * * * * * * *   D A T A   M E M O R Y   * * * * * * *
            REG     0000H     0008H     ABSOLUTE     "REG BANK 0"
            DATA    0008H     0004H     UNIT         _DATA_GROUP_
            IDATA   000CH     0001H     UNIT         ?STACK

            * * * * * * *   C O D E   M E M O R Y   * * * * * * *
            CODE    0000H     0003H     ABSOLUTE     
            CODE    0003H     0089H     UNIT         ?PR?MAIN?MAIN
            CODE    008CH     0016H     UNIT         ?C?LIB_CODE
            CODE    00A2H     000CH     UNIT         ?C_C51STARTUP



OVERLAY MAP OF MODULE:   .\Objects\top (MAIN)


SEGMENT                          DATA_GROUP 
  +--> CALLED SEGMENT          START    LENGTH
----------------------------------------------
?C_C51STARTUP                  -----    -----
  +--> ?PR?MAIN?MAIN

?PR?MAIN?MAIN                  0008H    0004H



SYMBOL TABLE OF MODULE:  .\Objects\top (MAIN)

  VALUE           TYPE          NAME
  ----------------------------------

  -------         MODULE        MAIN
  C:0000H         SYMBOL        _ICE_DUMMY_
  D:00B4H         PUBLIC        P4M0
  D:00B3H         PUBLIC        P4M1
  D:00C0H         PUBLIC        P4
  D:00E8H         PUBLIC        P6
  C:0003H         PUBLIC        main
  -------         PROC          MAIN
BL51 BANKED LINKER/LOCATER V6.22                                                      08/08/2017  23:05:58  PAGE 2


  -------         DO            
  D:0008H         SYMBOL        i
  -------         ENDDO         
  C:0003H         LINE#         6
  C:0003H         LINE#         7
  C:0003H         LINE#         8
  C:000CH         LINE#         9
  C:000FH         LINE#         10
  C:0012H         LINE#         11
  C:0012H         LINE#         12
  C:0012H         LINE#         13
  C:0015H         LINE#         14
  C:0017H         LINE#         15
  C:004EH         LINE#         16
  C:0051H         LINE#         17
  C:0054H         LINE#         18
  -------         ENDPROC       MAIN
  -------         ENDMOD        MAIN

  -------         MODULE        ?C?SLCMP
  C:008CH         PUBLIC        ?C?SLCMP
  -------         ENDMOD        ?C?SLCMP

Program Size: data=13.0 xdata=0 code=174
LINK/LOCATE RUN COMPLETE.  0 WARNING(S),  0 ERROR(S)
